Vert #1, dist 0 from -1
Vert #2, dist 8 from 1
Vert #3, dist 16 from 4
Vert #4, dist 13 from 2
